<?xml version="1.0" encoding="UTF-8"?>
<testsuites name="jest tests" tests="15" failures="0" errors="0" time="0.977">
  <testsuite name="User Management" errors="0" failures="0" skipped="0" timestamp="2023-09-05T20:49:05" time="0.645" tests="15">
    <testcase classname="User Management App Initialization should initially show empty table list" name="User Management App Initialization should initially show empty table list" time="0.025">
    </testcase>
    <testcase classname="User Management App Initialization should initially not show validation alert" name="User Management App Initialization should initially not show validation alert" time="0.005">
    </testcase>
    <testcase classname="User Management Cancel Button should do nothing when user clicks cancel button with no data in the form" name="User Management Cancel Button should do nothing when user clicks cancel button with no data in the form" time="0.007">
    </testcase>
    <testcase classname="User Management Cancel Button should clear all entered values when user clicks cancel button" name="User Management Cancel Button should clear all entered values when user clicks cancel button" time="0.009">
    </testcase>
    <testcase classname="User Management Cancel Button should clear validation alert when user clicks cancel button" name="User Management Cancel Button should clear validation alert when user clicks cancel button" time="0.009">
    </testcase>
    <testcase classname="User Management Validation should not add the user record to the list if any input fields is empty and should show an alert on screen" name="User Management Validation should not add the user record to the list if any input fields is empty and should show an alert on screen" time="0.007">
    </testcase>
    <testcase classname="User Management Validation should not add the user record to the list if phone number is not 10 digits and should show an alert on screen" name="User Management Validation should not add the user record to the list if phone number is not 10 digits and should show an alert on screen" time="0.004">
    </testcase>
    <testcase classname="User Management Validation should not add the user record to the list if phone number is 10 digits but starts with zero(0) and should show an alert on screen" name="User Management Validation should not add the user record to the list if phone number is 10 digits but starts with zero(0) and should show an alert on screen" time="0.004">
    </testcase>
    <testcase classname="User Management Add/Edit Button should show validation error when user clicks Add/Edit button with no data in the form" name="User Management Add/Edit Button should show validation error when user clicks Add/Edit button with no data in the form" time="0.005">
    </testcase>
    <testcase classname="User Management Add/Edit Button should not show validation alert when correct values are supplied with click of Add/Edit button" name="User Management Add/Edit Button should not show validation alert when correct values are supplied with click of Add/Edit button" time="0.005">
    </testcase>
    <testcase classname="User Management User List with Actions should check that after a user record is added all the fields are displayed along with the actions" name="User Management User List with Actions should check that after a user record is added all the fields are displayed along with the actions" time="0.006">
    </testcase>
    <testcase classname="User Management User List with Actions should delete the user from the list when delete button is clicked on the user row" name="User Management User List with Actions should delete the user from the list when delete button is clicked on the user row" time="0.006">
    </testcase>
    <testcase classname="User Management User List with Actions should populate the user details in the form for edit when edit button is clicked on the row" name="User Management User List with Actions should populate the user details in the form for edit when edit button is clicked on the row" time="0.005">
    </testcase>
    <testcase classname="User Management User List with Actions should add back the details of the user without any change if cancel button is clicked after edit button" name="User Management User List with Actions should add back the details of the user without any change if cancel button is clicked after edit button" time="0.007">
    </testcase>
    <testcase classname="User Management User List with Actions should update the user in the list with new values when Add/User is clicked" name="User Management User List with Actions should update the user in the list with new values when Add/User is clicked" time="0.008">
    </testcase>
  </testsuite>
</testsuites>